[INFO   ] DREAMPlace - parameters = {'aux_input': 'benchmarks/small-1/small-1.aux', 'lef_input': '', 'def_input': '', 'verilog_input': '', 'gpu': 0, 'gpu_id': 0, 'num_bins_x': 8, 'num_bins_y': 8, 'global_place_stages': [{'num_bins_x': 8, 'num_bins_y': 8, 'iteration': 100, 'learning_rate': 0.01, 'wirelength': 'weighted_average', 'optimizer': 'nesterov', 'Llambda_density_weight_iteration': 1, 'Lsub_iteration': 1}], 'target_density': 1.0, 'density_weight': 8e-05, 'net_crossing_flag': 1, 'net_crossing_weight': 0.0, 'random_seed': 1000, 'result_dir': 'results/feature-off-regression', 'scale_factor': 1.0, 'ignore_net_weight': 10, 'shift_factor': [0.0, 0.0], 'ignore_net_degree': 100, 'gp_noise_ratio': 0.025, 'enable_fillers': 1, 'global_place_flag': 1, 'legalize_flag': 1, 'detailed_place_flag': 0, 'stop_overflow': 0.07, 'diagnostic_validation_on_high_overflow_flag': False, 'dtype': 'float32', 'detailed_place_engine': '', 'detailed_place_command': '-nolegal -nodetail', 'plot_flag': 0, 'RePlAce_ref_hpwl': 350000, 'RePlAce_LOWER_PCOF': 0.95, 'RePlAce_UPPER_PCOF': 1.05, 'gamma': 4.0, 'RePlAce_skip_energy_flag': 0, 'random_center_init_flag': 1, 'initial_placement_file': '', 'initial_placement_strict': True, 'init_loc_perc_x': 0.5, 'init_loc_perc_y': 0.5, 'sort_nets_by_degree': 0, 'num_threads': 1, 'dump_global_place_solution_flag': 0, 'dump_legalize_solution_flag': 0, 'routability_opt_flag': 0, 'route_num_bins_x': 512, 'route_num_bins_y': 512, 'node_area_adjust_overflow': 0.15, 'max_num_area_adjust': 3, 'adjust_nctugr_area_flag': 0, 'adjust_rudy_area_flag': 1, 'adjust_pin_area_flag': 1, 'area_adjust_stop_ratio': 0.01, 'route_area_adjust_stop_ratio': 0.01, 'pin_area_adjust_stop_ratio': 0.05, 'unit_horizontal_capacity': 1.5625, 'unit_vertical_capacity': 1.45, 'unit_pin_capacity': 0.058, 'max_route_opt_adjust_rate': 2.0, 'route_opt_adjust_exponent': 2.0, 'pin_stretch_ratio': 1.414213562, 'max_pin_opt_adjust_rate': 1.5, 'deterministic_flag': 1, 'get_congestion_map': 0, 'macro_halo_x': 0, 'macro_halo_y': 0, 'macro_overlap_flag': 0, 'macro_overlap_weight': 8e-06, 'macro_overlap_mult_weight': 1, 'macro_padding_x': 0, 'macro_padding_y': 0, 'bndry_padding_x': 0, 'bndry_padding_y': 0, 'pin_density': -1, 'route_info_input': '', 'evaluate_pl': 0, 'risa_weights': 0, 'proj_name': 'default', 'create_gif': 0, 'enable_rotation': 0, 'anchor_keepin_config': '', 'anchor_keepin_flag': False, 'anchor_loss_flag': False, 'anchor_loss_weight_scale': 1.0, 'anchor_gradient_ratio': 0.1, 'anchor_weight_update_interval': 5, 'anchor_weight_ema_decay': 0.8, 'anchor_weight_min': 0.0, 'anchor_weight_max': 5000.0, 'anchor_weight_warmup_iterations': 2, 'anchor_weight_ramp_iterations': 10, 'anchor_keepin_initialization': 'legacy_pack_all', 'feasible_domain_cache_dir': '', 'keepin_soft_loss_flag': False, 'irregular_density_flag': False, 'irregular_density_require_feasible_target': False, 'keepin_soft_loss_weight_scale': 1.0, 'keepin_margin_mm': 0.1, 'keepin_margin_tau_mm': 0.05, 'keepin_projection_flag': False, 'constraint_grid_mm': 0.1, 'keepin_clearance_mm': 0.0, 'freeze_anchor_nodes': True, 'allow_region_reassignment': False, 'exact_repair_flag': False}
[INFO   ] DREAMPlace - 
========================================================
                       DREAMPlace
            Yibo Lin (http://yibolin.com)
   David Z. Pan (http://users.ece.utexas.edu/~dpan)
========================================================

[INFO   ] DREAMPlace - setting up raw database takes 0.00 seconds
[INFO   ] DREAMPlace - set shift_factor = (0, 0), as original row bbox = (0, 0, 321, 266)
[INFO   ] DREAMPlace - set scale_factor = 1, as site_width = 1
[INFO   ] DREAMPlace - shift coordinate system by (0, 0), scale coordinate system by 1
[INFO   ] DREAMPlace - detect movable macros 67, area 20438, reduce those area from movable_area
[INFO   ] DREAMPlace - 
================================= Benchmark Statistics =================================
#nodes = 67, #terminals = 0, # terminal_NIs = 0, #movable = 67, #nets = 86
die area = (0, 0, 321, 266) 85386
row height = 1, site width = 1
num_bins = 16x8, bin sizes = 20.0625x33.25
#pins = 172, #movable_pins = 172
total_movable_node_area = 20438, total_fixed_node_area = 0, total_space_area = 85386
total_movable_node_area = 0, total_fixed_node_area = 20438, total_space_area = 64948
utilization = 0, target_density = 1
use top_placeable_area = 85386 to compute top fillers
use btm_placeable_area = 85386 to compute btm fillers
total_filler_node_area = 170772, #fillers = 17192, filler sizes = 9.93333x1
========================================================================================
[INFO   ] DREAMPlace - setting up placement database takes 0.01 seconds
[INFO   ] DREAMPlace - move cells to location (160.5, 133.0) with random noise
[INFO   ] DREAMPlace - Using Torch CPU device
[WARNING] DREAMPlace - net weights are all the same, ignored
[INFO   ] DREAMPlace - POWVFILE = /home/jybai/pcb-placement/research/gpu-used/Cypress/install/thirdparty/NCTUgr.ICCAD2012/POWV9.dat
[INFO   ] DREAMPlace - POSTFILE = /home/jybai/pcb-placement/research/gpu-used/Cypress/install/thirdparty/NCTUgr.ICCAD2012/POST9.dat
[INFO   ] DREAMPlace - non-linear placement initialization takes 0.00 seconds
[INFO   ] DREAMPlace - 8x8 bins #bins 8x8, bin sizes 40.125x33.25, max_num_bins = 5, padding = 0
[INFO   ] dreamplace.ops.electric_potential.electric_potential - regard 0 cells as movable macros in global placement
[INFO   ] DREAMPlace - 8x8 bins #bins 8x8, bin sizes 40.125x33.25, max_num_bins = 5, padding = 0
[INFO   ] dreamplace.ops.electric_potential.electric_potential - regard 0 cells as movable macros in global placement
[INFO   ] DREAMPlace - 8x8 bins #bins 8x8, bin sizes 40.125x33.25, max_num_bins = 5, padding = 0
[INFO   ] dreamplace.ops.electric_potential.electric_potential - regard 0 cells as movable macros in global placement
[WARNING] DREAMPlace - quadratic density penalty is disabled, density weight update is forced to be based on HPWL
[INFO   ] DREAMPlace - use nesterov optimizer
[INFO   ] DREAMPlace - add 2.5% noise
[INFO   ] dreamplace.ops.electric_potential.electric_potential - fixed density map: average 0, max 0, bin area 1334.16
[INFO   ] dreamplace.ops.electric_potential.electric_potential - fixed density map: average 0, max 0, bin area 1334.16
[INFO   ] DREAMPlace - native objective evidence: PlaceObj.obj_fn -> backward() device=cpu objective=1.303307E+01 gradient_l1=8.928404E-01
[INFO   ] DREAMPlace - nesterov initialization takes 0.0154271 seconds
[INFO   ] dreamplace.ops.electric_potential.electric_potential - fixed density map: average 0, max 0, bin area 1334.16
[INFO   ] DREAMPlace - density_weight = 4.746429E-10
[INFO   ] DREAMPlace - native optimizer evidence: optimizer=nesterov step=1 device=cpu proposal_changed_nodes=72 proposal_mean_distance=0.00471875 proposal_max_distance=0.0209196 projected_nodes=4 projection_mean_distance=2.94314e-10 projection_max_distance=3.40342e-10
[INFO   ] DREAMPlace - optimizer step 189.414 ms
[INFO   ] DREAMPlace - iteration    0, (   0,  0,  0), Obj 1.303307E+01, DensityWeight 0.000000E+00, HPWL 2.263076E+03, Overflow 4.315246E-01, MaxDensity 2.662E+00, gamma 2.935000E+03, time 0.607ms
[INFO   ] DREAMPlace - full step 193.307 ms
[INFO   ] DREAMPlace - native optimizer evidence: optimizer=nesterov step=2 device=cpu proposal_changed_nodes=4 proposal_mean_distance=8.29239e-11 proposal_max_distance=9.58925e-11 projected_nodes=0 projection_mean_distance=0 projection_max_distance=0
[INFO   ] DREAMPlace - optimizer step 38.003 ms
[INFO   ] DREAMPlace - iteration    1, (   1,  0,  0), Obj 1.302785E+01, DensityWeight 4.746429E-10, HPWL 2.262637E+03, Overflow 4.315246E-01, MaxDensity 2.662E+00, gamma 1.600772E+02, time 0.597ms
[INFO   ] DREAMPlace - full step 38.916 ms
[INFO   ] DREAMPlace - native optimizer evidence: optimizer=nesterov step=3 device=cpu proposal_changed_nodes=4 proposal_mean_distance=3.59925e-11 proposal_max_distance=4.16214e-11 projected_nodes=0 projection_mean_distance=0 projection_max_distance=0
[INFO   ] DREAMPlace - optimizer step 4.032 ms
[INFO   ] DREAMPlace - iteration    2, (   2,  0,  0), Obj 2.376783E+02, DensityWeight 4.982754E-10, HPWL 2.262637E+03, Overflow 4.315246E-01, MaxDensity 2.662E+00, gamma 1.600772E+02, time 0.452ms
[INFO   ] DREAMPlace - full step 4.749 ms
[INFO   ] DREAMPlace - native optimizer evidence: optimizer=nesterov step=4 device=cpu proposal_changed_nodes=4 proposal_mean_distance=1.91143e-11 proposal_max_distance=2.21036e-11 projected_nodes=0 projection_mean_distance=0 projection_max_distance=0
[INFO   ] DREAMPlace - optimizer step 3.991 ms
[INFO   ] DREAMPlace - iteration    3, (   3,  0,  0), Obj 2.376783E+02, DensityWeight 5.231892E-10, HPWL 2.262637E+03, Overflow 4.315246E-01, MaxDensity 2.662E+00, gamma 1.600772E+02, time 0.439ms
[INFO   ] DREAMPlace - full step 4.686 ms
[INFO   ] DREAMPlace - native optimizer evidence: optimizer=nesterov step=5 device=cpu proposal_changed_nodes=4 proposal_mean_distance=1.14452e-11 proposal_max_distance=1.32351e-11 projected_nodes=0 projection_mean_distance=0 projection_max_distance=0
[INFO   ] DREAMPlace - optimizer step 3.991 ms
[INFO   ] DREAMPlace - iteration    4, (   4,  0,  0), Obj 2.376783E+02, DensityWeight 5.493486E-10, HPWL 2.262637E+03, Overflow 4.315246E-01, MaxDensity 2.662E+00, gamma 1.600772E+02, time 0.431ms
[INFO   ] DREAMPlace - full step 4.654 ms
[INFO   ] DREAMPlace - native optimizer evidence: optimizer=nesterov step=6 device=cpu proposal_changed_nodes=4 proposal_mean_distance=7.42652e-12 proposal_max_distance=8.58796e-12 projected_nodes=0 projection_mean_distance=0 projection_max_distance=0
[INFO   ] DREAMPlace - optimizer step 3.986 ms
[INFO   ] DREAMPlace - iteration    5, (   5,  0,  0), Obj 2.376783E+02, DensityWeight 5.768160E-10, HPWL 2.262637E+03, Overflow 4.315246E-01, MaxDensity 2.662E+00, gamma 1.600772E+02, time 0.400ms
[INFO   ] DREAMPlace - full step 4.618 ms
[INFO   ] DREAMPlace - native optimizer evidence: optimizer=nesterov step=7 device=cpu proposal_changed_nodes=4 proposal_mean_distance=5.10101e-12 proposal_max_distance=5.89877e-12 projected_nodes=0 projection_mean_distance=0 projection_max_distance=0
[INFO   ] DREAMPlace - optimizer step 3.994 ms
[INFO   ] DREAMPlace - iteration    6, (   6,  0,  0), Obj 2.376783E+02, DensityWeight 6.056567E-10, HPWL 2.262637E+03, Overflow 4.315246E-01, MaxDensity 2.662E+00, gamma 1.600772E+02, time 0.416ms
[INFO   ] DREAMPlace - full step 4.651 ms
[INFO   ] DREAMPlace - native optimizer evidence: optimizer=nesterov step=8 device=cpu proposal_changed_nodes=31 proposal_mean_distance=3.17633e-05 proposal_max_distance=6.47376e-05 projected_nodes=0 projection_mean_distance=0 projection_max_distance=0
[INFO   ] DREAMPlace - optimizer step 4.026 ms
[INFO   ] DREAMPlace - iteration    7, (   7,  0,  0), Obj 2.376783E+02, DensityWeight 6.359396E-10, HPWL 2.262637E+03, Overflow 4.315246E-01, MaxDensity 2.662E+00, gamma 1.600772E+02, time 0.449ms
[INFO   ] DREAMPlace - full step 4.728 ms
[INFO   ] DREAMPlace - native optimizer evidence: optimizer=nesterov step=9 device=cpu proposal_changed_nodes=67 proposal_mean_distance=0.000163152 proposal_max_distance=0.000669303 projected_nodes=0 projection_mean_distance=0 projection_max_distance=0
[INFO   ] DREAMPlace - optimizer step 3.968 ms
[INFO   ] DREAMPlace - iteration    8, (   8,  0,  0), Obj 2.376778E+02, DensityWeight 6.677365E-10, HPWL 2.262636E+03, Overflow 4.315246E-01, MaxDensity 2.662E+00, gamma 1.600772E+02, time 0.419ms
[INFO   ] DREAMPlace - full step 4.627 ms
[INFO   ] DREAMPlace - native optimizer evidence: optimizer=nesterov step=10 device=cpu proposal_changed_nodes=71 proposal_mean_distance=0.00158511 proposal_max_distance=0.00690871 projected_nodes=0 projection_mean_distance=0 projection_max_distance=0
[INFO   ] DREAMPlace - optimizer step 4.027 ms
[INFO   ] DREAMPlace - iteration    9, (   9,  0,  0), Obj 2.376749E+02, DensityWeight 7.004926E-10, HPWL 2.262622E+03, Overflow 4.315246E-01, MaxDensity 2.662E+00, gamma 1.600772E+02, time 0.400ms
[INFO   ] DREAMPlace - full step 4.671 ms
[INFO   ] DREAMPlace - native optimizer evidence: optimizer=nesterov step=11 device=cpu proposal_changed_nodes=72 proposal_mean_distance=0.0158222 proposal_max_distance=0.0699355 projected_nodes=0 projection_mean_distance=0 projection_max_distance=0
[INFO   ] DREAMPlace - optimizer step 3.967 ms
[INFO   ] DREAMPlace - iteration   10, (  10,  0,  0), Obj 2.376425E+02, DensityWeight 7.347820E-10, HPWL 2.262477E+03, Overflow 4.315246E-01, MaxDensity 2.662E+00, gamma 1.600772E+02, time 0.386ms
[INFO   ] DREAMPlace - full step 4.589 ms
[INFO   ] DREAMPlace - native optimizer evidence: optimizer=nesterov step=12 device=cpu proposal_changed_nodes=73 proposal_mean_distance=0.157471 proposal_max_distance=0.705609 projected_nodes=4 projection_mean_distance=7.63212e-10 projection_max_distance=8.82534e-10
[INFO   ] DREAMPlace - optimizer step 4.004 ms
[INFO   ] DREAMPlace - iteration   11, (  11,  0,  0), Obj 2.373151E+02, DensityWeight 7.706727E-10, HPWL 2.261014E+03, Overflow 4.315246E-01, MaxDensity 2.662E+00, gamma 1.600772E+02, time 0.404ms
[INFO   ] DREAMPlace - full step 4.652 ms
[INFO   ] DREAMPlace - native optimizer evidence: optimizer=nesterov step=13 device=cpu proposal_changed_nodes=88 proposal_mean_distance=1.30718 proposal_max_distance=7.04782 projected_nodes=4 projection_mean_distance=8.34879e-09 projection_max_distance=9.6514e-09
[INFO   ] DREAMPlace - optimizer step 3.735 ms
[INFO   ] DREAMPlace - iteration   12, (  12,  0,  0), Obj 2.340298E+02, DensityWeight 8.082359E-10, HPWL 2.246265E+03, Overflow 4.315246E-01, MaxDensity 2.661E+00, gamma 1.600772E+02, time 0.409ms
[INFO   ] DREAMPlace - full step 4.379 ms
[INFO   ] DREAMPlace - native optimizer evidence: optimizer=nesterov step=14 device=cpu proposal_changed_nodes=253 proposal_mean_distance=4.22885 proposal_max_distance=64.1381 projected_nodes=4 projection_mean_distance=8.70852e-08 projection_max_distance=1.0039e-07
[INFO   ] DREAMPlace - optimizer step 3.839 ms
[INFO   ] DREAMPlace - iteration   13, (  13,  0,  0), Obj 2.028220E+02, DensityWeight 8.475451E-10, HPWL 2.105003E+03, Overflow 4.315246E-01, MaxDensity 2.657E+00, gamma 1.600772E+02, time 0.387ms
[INFO   ] DREAMPlace - full step 4.454 ms
[INFO   ] DREAMPlace - native optimizer evidence: optimizer=nesterov step=15 device=cpu proposal_changed_nodes=457 proposal_mean_distance=2.1033 proposal_max_distance=31.9652 projected_nodes=4 projection_mean_distance=1.36701e-07 projection_max_distance=1.549e-07
[INFO   ] DREAMPlace - optimizer step 3.742 ms
[INFO   ] DREAMPlace - iteration   14, (  14,  0,  0), Obj 5.437479E+01, DensityWeight 8.886773E-10, HPWL 1.109601E+03, Overflow 4.018477E-01, MaxDensity 2.629E+00, gamma 1.600772E+02, time 0.384ms
[INFO   ] DREAMPlace - full step 4.389 ms
[INFO   ] DREAMPlace - native optimizer evidence: optimizer=nesterov step=16 device=cpu proposal_changed_nodes=554 proposal_mean_distance=1.02613 proposal_max_distance=32.7102 projected_nodes=4 projection_mean_distance=1.20303e-07 projection_max_distance=1.35299e-07
[INFO   ] DREAMPlace - optimizer step 7.571 ms
[INFO   ] DREAMPlace - iteration   15, (  15,  0,  0), Obj 4.220181E+01, DensityWeight 9.317125E-10, HPWL 8.560615E+02, Overflow 3.760195E-01, MaxDensity 2.745E+00, gamma 1.375247E+02, time 0.385ms
[INFO   ] DREAMPlace - full step 8.210 ms
[INFO   ] DREAMPlace - native optimizer evidence: optimizer=nesterov step=17 device=cpu proposal_changed_nodes=554 proposal_mean_distance=0.776048 proposal_max_distance=25.582 projected_nodes=4 projection_mean_distance=4.66277e-08 projection_max_distance=5.38767e-08
[INFO   ] DREAMPlace - optimizer step 7.477 ms
[INFO   ] DREAMPlace - iteration   16, (  16,  0,  0), Obj 3.451797E+01, DensityWeight 9.767340E-10, HPWL 5.998138E+02, Overflow 3.437680E-01, MaxDensity 2.648E+00, gamma 1.204994E+02, time 0.400ms
[INFO   ] DREAMPlace - full step 8.133 ms
[INFO   ] DREAMPlace - native optimizer evidence: optimizer=nesterov step=18 device=cpu proposal_changed_nodes=554 proposal_mean_distance=0.725485 proposal_max_distance=28.5937 projected_nodes=4 projection_mean_distance=6.34507e-08 projection_max_distance=7.33951e-08
[INFO   ] DREAMPlace - optimizer step 7.836 ms
[INFO   ] DREAMPlace - iteration   17, (  17,  0,  0), Obj 3.201976E+01, DensityWeight 1.023829E-09, HPWL 5.127349E+02, Overflow 3.253404E-01, MaxDensity 2.382E+00, gamma 1.021680E+02, time 0.403ms
[INFO   ] DREAMPlace - full step 8.500 ms
[INFO   ] DREAMPlace - native optimizer evidence: optimizer=nesterov step=19 device=cpu proposal_changed_nodes=554 proposal_mean_distance=0.597209 proposal_max_distance=20.9107 projected_nodes=4 projection_mean_distance=5.03085e-08 projection_max_distance=5.79953e-08
[INFO   ] DREAMPlace - optimizer step 7.604 ms
[INFO   ] DREAMPlace - iteration   18, (  18,  0,  0), Obj 3.286452E+01, DensityWeight 1.073087E-09, HPWL 4.745042E+02, Overflow 3.107004E-01, MaxDensity 2.330E+00, gamma 9.297463E+01, time 0.407ms
[INFO   ] DREAMPlace - full step 8.272 ms
[INFO   ] DREAMPlace - native optimizer evidence: optimizer=nesterov step=20 device=cpu proposal_changed_nodes=554 proposal_mean_distance=0.455916 proposal_max_distance=17.9098 projected_nodes=4 projection_mean_distance=5.29754e-08 projection_max_distance=6.12074e-08
[INFO   ] DREAMPlace - optimizer step 7.485 ms
[INFO   ] DREAMPlace - iteration   19, (  19,  0,  0), Obj 3.390649E+01, DensityWeight 1.124602E-09, HPWL 4.790894E+02, Overflow 3.039718E-01, MaxDensity 2.374E+00, gamma 8.626431E+01, time 0.397ms
[INFO   ] DREAMPlace - full step 8.127 ms
[INFO   ] DREAMPlace - native optimizer evidence: optimizer=nesterov step=21 device=cpu proposal_changed_nodes=554 proposal_mean_distance=0.370651 proposal_max_distance=18.8532 projected_nodes=4 projection_mean_distance=5.81832e-08 projection_max_distance=6.64081e-08
[INFO   ] DREAMPlace - optimizer step 7.752 ms
[INFO   ] DREAMPlace - iteration   20, (  20,  0,  0), Obj 3.540914E+01, DensityWeight 1.180831E-09, HPWL 4.878392E+02, Overflow 2.956597E-01, MaxDensity 2.378E+00, gamma 8.334486E+01, time 0.432ms
[INFO   ] DREAMPlace - full step 8.433 ms
[INFO   ] DREAMPlace - native optimizer evidence: optimizer=nesterov step=22 device=cpu proposal_changed_nodes=554 proposal_mean_distance=0.301461 proposal_max_distance=13.2139 projected_nodes=4 projection_mean_distance=5.29796e-08 projection_max_distance=6.05451e-08
[INFO   ] DREAMPlace - optimizer step 7.559 ms
[INFO   ] DREAMPlace - iteration   21, (  21,  0,  0), Obj 3.590463E+01, DensityWeight 1.239872E-09, HPWL 4.970611E+02, Overflow 2.898132E-01, MaxDensity 2.392E+00, gamma 7.987438E+01, time 0.409ms
[INFO   ] DREAMPlace - full step 8.212 ms
[INFO   ] DREAMPlace - native optimizer evidence: optimizer=nesterov step=23 device=cpu proposal_changed_nodes=554 proposal_mean_distance=0.308141 proposal_max_distance=18.002 projected_nodes=4 projection_mean_distance=7.20263e-08 projection_max_distance=8.13397e-08
[INFO   ] DREAMPlace - optimizer step 3.888 ms
[INFO   ] DREAMPlace - iteration   22, (  22,  0,  0), Obj 3.590308E+01, DensityWeight 1.301863E-09, HPWL 4.782659E+02, Overflow 2.823583E-01, MaxDensity 2.370E+00, gamma 7.752025E+01, time 0.387ms
[INFO   ] DREAMPlace - full step 4.513 ms
[INFO   ] DREAMPlace - native optimizer evidence: optimizer=nesterov step=24 device=cpu proposal_changed_nodes=554 proposal_mean_distance=0.231799 proposal_max_distance=12.0015 projected_nodes=4 projection_mean_distance=4.34242e-08 projection_max_distance=4.90379e-08
[INFO   ] DREAMPlace - optimizer step 7.460 ms
[INFO   ] DREAMPlace - iteration   23, (  23,  0,  0), Obj 3.616393E+01, DensityWeight 1.363816E-09, HPWL 4.693799E+02, Overflow 2.806572E-01, MaxDensity 2.382E+00, gamma 7.461888E+01, time 0.402ms
[INFO   ] DREAMPlace - full step 8.105 ms
[INFO   ] DREAMPlace - native optimizer evidence: optimizer=nesterov step=25 device=cpu proposal_changed_nodes=554 proposal_mean_distance=0.199594 proposal_max_distance=13.0561 projected_nodes=4 projection_mean_distance=6.83322e-08 projection_max_distance=7.68534e-08
[INFO   ] DREAMPlace - optimizer step 3.805 ms
[INFO   ] DREAMPlace - iteration   24, (  24,  0,  0), Obj 3.595602E+01, DensityWeight 1.428574E-09, HPWL 4.284628E+02, Overflow 2.758339E-01, MaxDensity 2.343E+00, gamma 7.397222E+01, time 0.387ms
[INFO   ] DREAMPlace - full step 4.430 ms
[INFO   ] DREAMPlace - native optimizer evidence: optimizer=nesterov step=26 device=cpu proposal_changed_nodes=554 proposal_mean_distance=0.141061 proposal_max_distance=8.24641 projected_nodes=4 projection_mean_distance=5.05511e-08 projection_max_distance=5.70336e-08
[INFO   ] DREAMPlace - optimizer step 7.397 ms
[INFO   ] DREAMPlace - iteration   25, (  25,  0,  0), Obj 3.591786E+01, DensityWeight 1.496257E-09, HPWL 4.218691E+02, Overflow 2.774443E-01, MaxDensity 2.344E+00, gamma 7.216891E+01, time 0.384ms
[INFO   ] DREAMPlace - full step 8.014 ms
[INFO   ] DREAMPlace - native optimizer evidence: optimizer=nesterov step=27 device=cpu proposal_changed_nodes=554 proposal_mean_distance=0.140046 proposal_max_distance=7.53861 projected_nodes=4 projection_mean_distance=7.11262e-08 projection_max_distance=8.00527e-08
[INFO   ] DREAMPlace - optimizer step 3.878 ms
[INFO   ] DREAMPlace - iteration   26, (  26,  0,  0), Obj 3.647504E+01, DensityWeight 1.566990E-09, HPWL 4.040052E+02, Overflow 2.763012E-01, MaxDensity 2.316E+00, gamma 7.276604E+01, time 0.400ms
[INFO   ] DREAMPlace - full step 4.508 ms
[INFO   ] DREAMPlace - native optimizer evidence: optimizer=nesterov step=28 device=cpu proposal_changed_nodes=554 proposal_mean_distance=0.112434 proposal_max_distance=7.40769 projected_nodes=4 projection_mean_distance=7.53376e-08 projection_max_distance=8.51165e-08
[INFO   ] DREAMPlace - optimizer step 4.014 ms
[INFO   ] DREAMPlace - iteration   27, (  27,  0,  0), Obj 3.610767E+01, DensityWeight 1.640903E-09, HPWL 4.127922E+02, Overflow 2.788001E-01, MaxDensity 2.322E+00, gamma 7.234168E+01, time 0.402ms
[INFO   ] DREAMPlace - full step 4.647 ms
[INFO   ] DREAMPlace - native optimizer evidence: optimizer=nesterov step=29 device=cpu proposal_changed_nodes=554 proposal_mean_distance=0.128362 proposal_max_distance=6.69332 projected_nodes=4 projection_mean_distance=7.18571e-08 projection_max_distance=8.12618e-08
[INFO   ] DREAMPlace - optimizer step 3.888 ms
[INFO   ] DREAMPlace - iteration   28, (  28,  0,  0), Obj 3.618672E+01, DensityWeight 1.722946E-09, HPWL 4.052381E+02, Overflow 2.790802E-01, MaxDensity 2.315E+00, gamma 7.327261E+01, time 0.419ms
[INFO   ] DREAMPlace - full step 4.534 ms
[INFO   ] DREAMPlace - native optimizer evidence: optimizer=nesterov step=30 device=cpu proposal_changed_nodes=554 proposal_mean_distance=0.150815 proposal_max_distance=8.5289 projected_nodes=4 projection_mean_distance=8.40523e-08 projection_max_distance=9.55555e-08
[INFO   ] DREAMPlace - optimizer step 3.904 ms
[INFO   ] DREAMPlace - iteration   29, (  29,  0,  0), Obj 3.537888E+01, DensityWeight 1.803854E-09, HPWL 4.088074E+02, Overflow 2.820316E-01, MaxDensity 2.337E+00, gamma 7.337770E+01, time 0.399ms
[INFO   ] DREAMPlace - full step 4.527 ms
[INFO   ] DREAMPlace - native optimizer evidence: optimizer=nesterov step=31 device=cpu proposal_changed_nodes=554 proposal_mean_distance=0.155568 proposal_max_distance=7.66876 projected_nodes=4 projection_mean_distance=8.5232e-08 projection_max_distance=9.70199e-08
[INFO   ] DREAMPlace - optimizer step 7.399 ms
[INFO   ] DREAMPlace - iteration   30, (  30,  0,  0), Obj 3.498222E+01, DensityWeight 1.894046E-09, HPWL 3.921372E+02, Overflow 2.826633E-01, MaxDensity 2.343E+00, gamma 7.449426E+01, time 0.400ms
[INFO   ] DREAMPlace - full step 8.031 ms
[INFO   ] DREAMPlace - native optimizer evidence: optimizer=nesterov step=32 device=cpu proposal_changed_nodes=554 proposal_mean_distance=0.178696 proposal_max_distance=10.2346 projected_nodes=4 projection_mean_distance=9.29731e-08 projection_max_distance=1.06468e-07
[INFO   ] DREAMPlace - optimizer step 3.766 ms
[INFO   ] DREAMPlace - iteration   31, (  31,  0,  0), Obj 3.422425E+01, DensityWeight 1.982592E-09, HPWL 3.907231E+02, Overflow 2.864183E-01, MaxDensity 2.373E+00, gamma 7.473544E+01, time 0.378ms
[INFO   ] DREAMPlace - full step 4.364 ms
[INFO   ] DREAMPlace - native optimizer evidence: optimizer=nesterov step=33 device=cpu proposal_changed_nodes=554 proposal_mean_distance=0.150199 proposal_max_distance=8.72503 projected_nodes=4 projection_mean_distance=7.43681e-08 projection_max_distance=8.51674e-08
[INFO   ] DREAMPlace - optimizer step 7.585 ms
[INFO   ] DREAMPlace - iteration   32, (  32,  0,  0), Obj 3.407469E+01, DensityWeight 2.075071E-09, HPWL 3.774157E+02, Overflow 2.873023E-01, MaxDensity 2.376E+00, gamma 7.618526E+01, time 0.407ms
[INFO   ] DREAMPlace - full step 8.217 ms
[INFO   ] DREAMPlace - native optimizer evidence: optimizer=nesterov step=34 device=cpu proposal_changed_nodes=554 proposal_mean_distance=0.142147 proposal_max_distance=7.77497 projected_nodes=4 projection_mean_distance=9.45289e-08 projection_max_distance=1.08615e-07
[INFO   ] DREAMPlace - optimizer step 3.918 ms
[INFO   ] DREAMPlace - iteration   33, (  33,  0,  0), Obj 3.311532E+01, DensityWeight 2.171645E-09, HPWL 3.805107E+02, Overflow 2.915050E-01, MaxDensity 2.403E+00, gamma 7.653066E+01, time 0.396ms
[INFO   ] DREAMPlace - full step 4.553 ms
[INFO   ] DREAMPlace - native optimizer evidence: optimizer=nesterov step=35 device=cpu proposal_changed_nodes=554 proposal_mean_distance=0.101769 proposal_max_distance=5.98079 projected_nodes=4 projection_mean_distance=9.46809e-08 projection_max_distance=1.08753e-07
[INFO   ] DREAMPlace - optimizer step 7.323 ms
[INFO   ] DREAMPlace - iteration   34, (  34,  0,  0), Obj 3.283308E+01, DensityWeight 2.280226E-09, HPWL 3.757044E+02, Overflow 2.927966E-01, MaxDensity 2.403E+00, gamma 7.819426E+01, time 0.396ms
[INFO   ] DREAMPlace - full step 7.937 ms
[INFO   ] DREAMPlace - native optimizer evidence: optimizer=nesterov step=36 device=cpu proposal_changed_nodes=554 proposal_mean_distance=0.087401 proposal_max_distance=5.11534 projected_nodes=4 projection_mean_distance=1.07912e-07 projection_max_distance=1.24369e-07
[INFO   ] DREAMPlace - optimizer step 4.008 ms
[INFO   ] DREAMPlace - iteration   35, (  35,  0,  0), Obj 3.211122E+01, DensityWeight 2.385872E-09, HPWL 3.804986E+02, Overflow 2.960328E-01, MaxDensity 2.417E+00, gamma 7.871275E+01, time 0.408ms
[INFO   ] DREAMPlace - full step 4.643 ms
[INFO   ] DREAMPlace - native optimizer evidence: optimizer=nesterov step=37 device=cpu proposal_changed_nodes=554 proposal_mean_distance=0.0561107 proposal_max_distance=4.0927 projected_nodes=4 projection_mean_distance=9.49682e-08 projection_max_distance=1.09446e-07
[INFO   ] DREAMPlace - optimizer step 7.461 ms
[INFO   ] DREAMPlace - iteration   36, (  36,  0,  0), Obj 3.190722E+01, DensityWeight 2.505164E-09, HPWL 3.785192E+02, Overflow 2.970876E-01, MaxDensity 2.413E+00, gamma 8.002699E+01, time 0.404ms
[INFO   ] DREAMPlace - full step 8.086 ms
[INFO   ] DREAMPlace - native optimizer evidence: optimizer=nesterov step=38 device=cpu proposal_changed_nodes=561 proposal_mean_distance=0.04602 proposal_max_distance=2.6472 projected_nodes=4 projection_mean_distance=1.1415e-07 projection_max_distance=1.3182e-07
[INFO   ] DREAMPlace - optimizer step 4.004 ms
[INFO   ] DREAMPlace - iteration   37, (  37,  0,  0), Obj 3.133943E+01, DensityWeight 2.620707E-09, HPWL 3.778930E+02, Overflow 2.993287E-01, MaxDensity 2.419E+00, gamma 8.046011E+01, time 0.421ms
[INFO   ] DREAMPlace - full step 4.647 ms
[INFO   ] DREAMPlace - native optimizer evidence: optimizer=nesterov step=39 device=cpu proposal_changed_nodes=659 proposal_mean_distance=0.0375809 proposal_max_distance=2.36772 projected_nodes=4 projection_mean_distance=1.37714e-07 projection_max_distance=1.58978e-07
[INFO   ] DREAMPlace - optimizer step 3.761 ms
[INFO   ] DREAMPlace - iteration   38, (  38,  0,  0), Obj 3.112799E+01, DensityWeight 2.741305E-09, HPWL 3.746437E+02, Overflow 3.000234E-01, MaxDensity 2.413E+00, gamma 8.138809E+01, time 0.391ms
[INFO   ] DREAMPlace - full step 4.375 ms
[INFO   ] DREAMPlace - native optimizer evidence: optimizer=nesterov step=40 device=cpu proposal_changed_nodes=889 proposal_mean_distance=0.0329815 proposal_max_distance=2.37483 projected_nodes=4 projection_mean_distance=1.65444e-07 projection_max_distance=1.91146e-07
[INFO   ] DREAMPlace - optimizer step 3.854 ms
[INFO   ] DREAMPlace - iteration   39, (  39,  0,  0), Obj 3.073505E+01, DensityWeight 2.867166E-09, HPWL 3.737939E+02, Overflow 3.010857E-01, MaxDensity 2.412E+00, gamma 8.167789E+01, time 0.387ms
[INFO   ] DREAMPlace - full step 4.466 ms
[INFO   ] DREAMPlace - native optimizer evidence: optimizer=nesterov step=41 device=cpu proposal_changed_nodes=895 proposal_mean_distance=0.0382338 proposal_max_distance=3.20299 projected_nodes=4 projection_mean_distance=1.45495e-07 projection_max_distance=1.67886e-07
[INFO   ] DREAMPlace - optimizer step 7.669 ms
[INFO   ] DREAMPlace - iteration   40, (  40,  0,  0), Obj 3.059373E+01, DensityWeight 2.998506E-09, HPWL 3.727701E+02, Overflow 3.008473E-01, MaxDensity 2.402E+00, gamma 8.212310E+01, time 0.406ms
[INFO   ] DREAMPlace - full step 8.310 ms
[INFO   ] DREAMPlace - native optimizer evidence: optimizer=nesterov step=42 device=cpu proposal_changed_nodes=895 proposal_mean_distance=0.0360691 proposal_max_distance=3.37281 projected_nodes=4 projection_mean_distance=1.43506e-07 projection_max_distance=1.65569e-07
[INFO   ] DREAMPlace - optimizer step 7.889 ms
[INFO   ] DREAMPlace - iteration   41, (  41,  0,  0), Obj 3.040501E+01, DensityWeight 3.135548E-09, HPWL 3.736629E+02, Overflow 3.011632E-01, MaxDensity 2.400E+00, gamma 8.202298E+01, time 0.408ms
[INFO   ] DREAMPlace - full step 8.527 ms
[INFO   ] DREAMPlace - native optimizer evidence: optimizer=nesterov step=43 device=cpu proposal_changed_nodes=1093 proposal_mean_distance=0.0310568 proposal_max_distance=3.69377 projected_nodes=4 projection_mean_distance=1.68373e-07 projection_max_distance=1.93987e-07
[INFO   ] DREAMPlace - optimizer step 4.101 ms
[INFO   ] DREAMPlace - iteration   42, (  42,  0,  0), Obj 3.041183E+01, DensityWeight 3.292325E-09, HPWL 3.693196E+02, Overflow 3.000656E-01, MaxDensity 2.389E+00, gamma 8.215563E+01, time 0.417ms
[INFO   ] DREAMPlace - full step 4.761 ms
[INFO   ] DREAMPlace - native optimizer evidence: optimizer=nesterov step=44 device=cpu proposal_changed_nodes=1093 proposal_mean_distance=0.0290932 proposal_max_distance=3.6547 projected_nodes=4 projection_mean_distance=1.43624e-07 projection_max_distance=1.65569e-07
[INFO   ] DREAMPlace - optimizer step 7.714 ms
[INFO   ] DREAMPlace - iteration   43, (  43,  0,  0), Obj 3.036073E+01, DensityWeight 3.442107E-09, HPWL 3.698924E+02, Overflow 2.998671E-01, MaxDensity 2.388E+00, gamma 8.169556E+01, time 0.418ms
[INFO   ] DREAMPlace - full step 8.393 ms
[INFO   ] DREAMPlace - native optimizer evidence: optimizer=nesterov step=45 device=cpu proposal_changed_nodes=1190 proposal_mean_distance=0.025425 proposal_max_distance=3.32586 projected_nodes=4 projection_mean_distance=1.7386e-07 projection_max_distance=2.00155e-07
[INFO   ] DREAMPlace - optimizer step 4.067 ms
[INFO   ] DREAMPlace - iteration   44, (  44,  0,  0), Obj 3.049721E+01, DensityWeight 3.614212E-09, HPWL 3.639622E+02, Overflow 2.982764E-01, MaxDensity 2.379E+00, gamma 8.161260E+01, time 0.451ms
[INFO   ] DREAMPlace - full step 4.748 ms
[INFO   ] DREAMPlace - native optimizer evidence: optimizer=nesterov step=46 device=cpu proposal_changed_nodes=1356 proposal_mean_distance=0.0210466 proposal_max_distance=3.28175 projected_nodes=4 projection_mean_distance=1.81587e-07 projection_max_distance=2.08944e-07
[INFO   ] DREAMPlace - optimizer step 4.070 ms
[INFO   ] DREAMPlace - iteration   45, (  45,  0,  0), Obj 3.051339E+01, DensityWeight 3.777883E-09, HPWL 3.647467E+02, Overflow 2.977328E-01, MaxDensity 2.380E+00, gamma 8.095103E+01, time 0.421ms
[INFO   ] DREAMPlace - full step 4.728 ms
[INFO   ] DREAMPlace - native optimizer evidence: optimizer=nesterov step=47 device=cpu proposal_changed_nodes=1357 proposal_mean_distance=0.0199604 proposal_max_distance=3.09791 projected_nodes=4 projection_mean_distance=1.72653e-07 projection_max_distance=1.9815e-07
[INFO   ] DREAMPlace - optimizer step 4.051 ms
[INFO   ] DREAMPlace - iteration   46, (  46,  0,  0), Obj 3.075920E+01, DensityWeight 3.966776E-09, HPWL 3.643324E+02, Overflow 2.960202E-01, MaxDensity 2.374E+00, gamma 8.072617E+01, time 0.428ms
[INFO   ] DREAMPlace - full step 4.707 ms
[INFO   ] DREAMPlace - native optimizer evidence: optimizer=nesterov step=48 device=cpu proposal_changed_nodes=1390 proposal_mean_distance=0.0169459 proposal_max_distance=2.70707 projected_nodes=4 projection_mean_distance=1.7679e-07 projection_max_distance=2.02925e-07
[INFO   ] DREAMPlace - optimizer step 4.107 ms
[INFO   ] DREAMPlace - iteration   47, (  47,  0,  0), Obj 3.083167E+01, DensityWeight 4.145584E-09, HPWL 3.668214E+02, Overflow 2.954215E-01, MaxDensity 2.377E+00, gamma 8.002186E+01, time 0.424ms
[INFO   ] DREAMPlace - full step 4.767 ms
[INFO   ] DREAMPlace - native optimizer evidence: optimizer=nesterov step=49 device=cpu proposal_changed_nodes=1492 proposal_mean_distance=0.0130019 proposal_max_distance=2.15421 projected_nodes=4 projection_mean_distance=1.86622e-07 projection_max_distance=2.13877e-07
[INFO   ] DREAMPlace - optimizer step 4.056 ms
[INFO   ] DREAMPlace - iteration   48, (  48,  0,  0), Obj 3.108167E+01, DensityWeight 4.352862E-09, HPWL 3.645612E+02, Overflow 2.939325E-01, MaxDensity 2.373E+00, gamma 7.977706E+01, time 0.427ms
[INFO   ] DREAMPlace - full step 4.711 ms
[INFO   ] DREAMPlace - native optimizer evidence: optimizer=nesterov step=50 device=cpu proposal_changed_nodes=1704 proposal_mean_distance=0.00902268 proposal_max_distance=1.76716 projected_nodes=4 projection_mean_distance=2.04934e-07 projection_max_distance=2.34927e-07
[INFO   ] DREAMPlace - optimizer step 4.050 ms
[INFO   ] DREAMPlace - iteration   49, (  49,  0,  0), Obj 3.116294E+01, DensityWeight 4.548163E-09, HPWL 3.646099E+02, Overflow 2.933982E-01, MaxDensity 2.377E+00, gamma 7.917156E+01, time 0.423ms
[INFO   ] DREAMPlace - full step 4.712 ms
[INFO   ] DREAMPlace - native optimizer evidence: optimizer=nesterov step=51 device=cpu proposal_changed_nodes=1853 proposal_mean_distance=0.00769681 proposal_max_distance=1.55528 projected_nodes=4 projection_mean_distance=2.13618e-07 projection_max_distance=2.44676e-07
[INFO   ] DREAMPlace - optimizer step 4.033 ms
[INFO   ] DREAMPlace - iteration   50, (  50,  0,  0), Obj 3.139169E+01, DensityWeight 4.775571E-09, HPWL 3.628474E+02, Overflow 2.923721E-01, MaxDensity 2.377E+00, gamma 7.895539E+01, time 0.416ms
[INFO   ] DREAMPlace - full step 4.672 ms
[INFO   ] DREAMPlace - native optimizer evidence: optimizer=nesterov step=52 device=cpu proposal_changed_nodes=2071 proposal_mean_distance=0.00684701 proposal_max_distance=1.4258 projected_nodes=4 projection_mean_distance=2.35753e-07 projection_max_distance=2.70151e-07
[INFO   ] DREAMPlace - optimizer step 3.822 ms
[INFO   ] DREAMPlace - iteration   51, (  51,  0,  0), Obj 3.147077E+01, DensityWeight 4.988840E-09, HPWL 3.627814E+02, Overflow 2.920977E-01, MaxDensity 2.381E+00, gamma 7.854194E+01, time 0.400ms
[INFO   ] DREAMPlace - full step 4.451 ms
[INFO   ] DREAMPlace - native optimizer evidence: optimizer=nesterov step=53 device=cpu proposal_changed_nodes=2291 proposal_mean_distance=0.00685479 proposal_max_distance=1.50755 projected_nodes=4 projection_mean_distance=2.47175e-07 projection_max_distance=2.83157e-07
[INFO   ] DREAMPlace - optimizer step 3.913 ms
[INFO   ] DREAMPlace - iteration   52, (  52,  0,  0), Obj 3.162872E+01, DensityWeight 5.211112E-09, HPWL 3.610815E+02, Overflow 2.915280E-01, MaxDensity 2.381E+00, gamma 7.843175E+01, time 0.389ms
[INFO   ] DREAMPlace - full step 4.519 ms
[INFO   ] DREAMPlace - native optimizer evidence: optimizer=nesterov step=54 device=cpu proposal_changed_nodes=2500 proposal_mean_distance=0.00628592 proposal_max_distance=1.61715 projected_nodes=4 projection_mean_distance=2.73558e-07 projection_max_distance=3.13617e-07
[INFO   ] DREAMPlace - optimizer step 3.916 ms
[INFO   ] DREAMPlace - iteration   53, (  53,  0,  0), Obj 3.166678E+01, DensityWeight 5.442744E-09, HPWL 3.609660E+02, Overflow 2.916532E-01, MaxDensity 2.386E+00, gamma 7.820344E+01, time 0.396ms
[INFO   ] DREAMPlace - full step 4.529 ms
[INFO   ] DREAMPlace - native optimizer evidence: optimizer=nesterov step=55 device=cpu proposal_changed_nodes=2534 proposal_mean_distance=0.00686049 proposal_max_distance=1.90557 projected_nodes=4 projection_mean_distance=2.58355e-07 projection_max_distance=2.96189e-07
[INFO   ] DREAMPlace - optimizer step 3.859 ms
[INFO   ] DREAMPlace - iteration   54, (  54,  0,  0), Obj 3.175622E+01, DensityWeight 5.684102E-09, HPWL 3.592024E+02, Overflow 2.914466E-01, MaxDensity 2.386E+00, gamma 7.825356E+01, time 0.403ms
[INFO   ] DREAMPlace - full step 4.494 ms
[INFO   ] DREAMPlace - native optimizer evidence: optimizer=nesterov step=56 device=cpu proposal_changed_nodes=2567 proposal_mean_distance=0.00639738 proposal_max_distance=1.92946 projected_nodes=4 projection_mean_distance=2.62446e-07 projection_max_distance=3.0121e-07
[INFO   ] DREAMPlace - optimizer step 3.914 ms
[INFO   ] DREAMPlace - iteration   55, (  55,  0,  0), Obj 3.173438E+01, DensityWeight 5.935570E-09, HPWL 3.595066E+02, Overflow 2.919756E-01, MaxDensity 2.391E+00, gamma 7.817089E+01, time 0.386ms
[INFO   ] DREAMPlace - full step 4.524 ms
[INFO   ] DREAMPlace - native optimizer evidence: optimizer=nesterov step=57 device=cpu proposal_changed_nodes=2567 proposal_mean_distance=0.00604445 proposal_max_distance=1.86953 projected_nodes=4 projection_mean_distance=2.58901e-07 projection_max_distance=2.97103e-07
[INFO   ] DREAMPlace - optimizer step 4.036 ms
[INFO   ] DREAMPlace - iteration   56, (  56,  0,  0), Obj 3.176357E+01, DensityWeight 6.232348E-09, HPWL 3.564987E+02, Overflow 2.919672E-01, MaxDensity 2.390E+00, gamma 7.838277E+01, time 0.406ms
[INFO   ] DREAMPlace - full step 4.667 ms
[INFO   ] DREAMPlace - native optimizer evidence: optimizer=nesterov step=58 device=cpu proposal_changed_nodes=2804 proposal_mean_distance=0.0046076 proposal_max_distance=1.6088 projected_nodes=4 projection_mean_distance=2.89297e-07 projection_max_distance=3.32126e-07
[INFO   ] DREAMPlace - optimizer step 4.003 ms
[INFO   ] DREAMPlace - iteration   57, (  57,  0,  0), Obj 3.167127E+01, DensityWeight 6.506769E-09, HPWL 3.567203E+02, Overflow 2.926626E-01, MaxDensity 2.394E+00, gamma 7.837936E+01, time 0.413ms
[INFO   ] DREAMPlace - full step 4.646 ms
[INFO   ] DREAMPlace - native optimizer evidence: optimizer=nesterov step=59 device=cpu proposal_changed_nodes=3020 proposal_mean_distance=0.00394237 proposal_max_distance=1.44172 projected_nodes=4 projection_mean_distance=2.961e-07 projection_max_distance=3.39845e-07
[INFO   ] DREAMPlace - optimizer step 3.945 ms
[INFO   ] DREAMPlace - iteration   58, (  58,  0,  0), Obj 3.166911E+01, DensityWeight 6.832106E-09, HPWL 3.552766E+02, Overflow 2.928127E-01, MaxDensity 2.393E+00, gamma 7.865878E+01, time 0.402ms
[INFO   ] DREAMPlace - full step 4.588 ms
[INFO   ] DREAMPlace - native optimizer evidence: optimizer=nesterov step=60 device=cpu proposal_changed_nodes=3236 proposal_mean_distance=0.00322188 proposal_max_distance=1.23852 projected_nodes=4 projection_mean_distance=3.07669e-07 projection_max_distance=3.53372e-07
[INFO   ] DREAMPlace - optimizer step 3.936 ms
[INFO   ] DREAMPlace - iteration   59, (  59,  0,  0), Obj 3.155607E+01, DensityWeight 7.131509E-09, HPWL 3.570601E+02, Overflow 2.934811E-01, MaxDensity 2.395E+00, gamma 7.871922E+01, time 0.417ms
[INFO   ] DREAMPlace - full step 4.576 ms
[INFO   ] DREAMPlace - native optimizer evidence: optimizer=nesterov step=61 device=cpu proposal_changed_nodes=3344 proposal_mean_distance=0.00247637 proposal_max_distance=1.00393 projected_nodes=4 projection_mean_distance=3.10652e-07 projection_max_distance=3.56745e-07
[INFO   ] DREAMPlace - optimizer step 4.135 ms
[INFO   ] DREAMPlace - iteration   60, (  60,  0,  0), Obj 3.153041E+01, DensityWeight 7.488082E-09, HPWL 3.562971E+02, Overflow 2.936783E-01, MaxDensity 2.394E+00, gamma 7.898893E+01, time 0.416ms
[INFO   ] DREAMPlace - full step 4.789 ms
[INFO   ] DREAMPlace - native optimizer evidence: optimizer=nesterov step=62 device=cpu proposal_changed_nodes=3483 proposal_mean_distance=0.00198336 proposal_max_distance=0.787399 projected_nodes=4 projection_mean_distance=3.21475e-07 projection_max_distance=3.69381e-07
[INFO   ] DREAMPlace - optimizer step 4.144 ms
[INFO   ] DREAMPlace - iteration   61, (  61,  0,  0), Obj 3.142150E+01, DensityWeight 7.814669E-09, HPWL 3.571579E+02, Overflow 2.942107E-01, MaxDensity 2.396E+00, gamma 7.906863E+01, time 0.421ms
[INFO   ] DREAMPlace - full step 4.805 ms
[INFO   ] DREAMPlace - native optimizer evidence: optimizer=nesterov step=63 device=cpu proposal_changed_nodes=4012 proposal_mean_distance=0.00127278 proposal_max_distance=0.578695 projected_nodes=4 projection_mean_distance=3.78513e-07 projection_max_distance=4.34888e-07
[INFO   ] DREAMPlace - optimizer step 3.962 ms
[INFO   ] DREAMPlace - iteration   62, (  62,  0,  0), Obj 3.138785E+01, DensityWeight 8.205401E-09, HPWL 3.561481E+02, Overflow 2.943885E-01, MaxDensity 2.394E+00, gamma 7.928435E+01, time 0.424ms
[INFO   ] DREAMPlace - full step 4.620 ms
[INFO   ] DREAMPlace - native optimizer evidence: optimizer=nesterov step=64 device=cpu proposal_changed_nodes=4648 proposal_mean_distance=0.00148183 proposal_max_distance=0.606094 projected_nodes=4 projection_mean_distance=4.34363e-07 projection_max_distance=4.99235e-07
[INFO   ] DREAMPlace - optimizer step 4.175 ms
[INFO   ] DREAMPlace - iteration   63, (  63,  0,  0), Obj 3.130102E+01, DensityWeight 8.561559E-09, HPWL 3.565646E+02, Overflow 2.947298E-01, MaxDensity 2.395E+00, gamma 7.935651E+01, time 0.402ms
[INFO   ] DREAMPlace - full step 4.804 ms
[INFO   ] DREAMPlace - native optimizer evidence: optimizer=nesterov step=65 device=cpu proposal_changed_nodes=5200 proposal_mean_distance=0.00151474 proposal_max_distance=0.674141 projected_nodes=4 projection_mean_distance=4.98898e-07 projection_max_distance=5.73398e-07
[INFO   ] DREAMPlace - optimizer step 7.962 ms
[INFO   ] DREAMPlace - iteration   64, (  64,  0,  0), Obj 3.127059E+01, DensityWeight 8.989636E-09, HPWL 3.560225E+02, Overflow 2.947994E-01, MaxDensity 2.393E+00, gamma 7.949523E+01, time 0.414ms
[INFO   ] DREAMPlace - full step 8.605 ms
[INFO   ] DREAMPlace - native optimizer evidence: optimizer=nesterov step=66 device=cpu proposal_changed_nodes=5200 proposal_mean_distance=0.00188718 proposal_max_distance=0.906707 projected_nodes=4 projection_mean_distance=4.29864e-07 projection_max_distance=4.94224e-07
[INFO   ] DREAMPlace - optimizer step 7.981 ms
[INFO   ] DREAMPlace - iteration   65, (  65,  0,  0), Obj 3.121557E+01, DensityWeight 9.377959E-09, HPWL 3.566844E+02, Overflow 2.950079E-01, MaxDensity 2.393E+00, gamma 7.952354E+01, time 0.419ms
[INFO   ] DREAMPlace - full step 8.627 ms
[INFO   ] DREAMPlace - native optimizer evidence: optimizer=nesterov step=67 device=cpu proposal_changed_nodes=5200 proposal_mean_distance=0.00182016 proposal_max_distance=0.923275 projected_nodes=4 projection_mean_distance=4.28878e-07 projection_max_distance=4.92993e-07
[INFO   ] DREAMPlace - optimizer step 7.991 ms
[INFO   ] DREAMPlace - iteration   66, (  66,  0,  0), Obj 3.120352E+01, DensityWeight 9.846855E-09, HPWL 3.559678E+02, Overflow 2.948974E-01, MaxDensity 2.391E+00, gamma 7.960842E+01, time 0.402ms
[INFO   ] DREAMPlace - full step 8.621 ms
[INFO   ] DREAMPlace - native optimizer evidence: optimizer=nesterov step=68 device=cpu proposal_changed_nodes=5368 proposal_mean_distance=0.0018835 proposal_max_distance=1.01833 projected_nodes=4 projection_mean_distance=5.1606e-07 projection_max_distance=5.93395e-07
[INFO   ] DREAMPlace - optimizer step 3.906 ms
[INFO   ] DREAMPlace - iteration   67, (  67,  0,  0), Obj 3.116866E+01, DensityWeight 1.027015E-08, HPWL 3.559411E+02, Overflow 2.950511E-01, MaxDensity 2.391E+00, gamma 7.956342E+01, time 0.381ms
[INFO   ] DREAMPlace - full step 4.518 ms
[INFO   ] DREAMPlace - native optimizer evidence: optimizer=nesterov step=69 device=cpu proposal_changed_nodes=5368 proposal_mean_distance=0.00169215 proposal_max_distance=0.970386 projected_nodes=4 projection_mean_distance=4.26626e-07 projection_max_distance=4.90422e-07
[INFO   ] DREAMPlace - optimizer step 7.608 ms
[INFO   ] DREAMPlace - iteration   68, (  68,  0,  0), Obj 3.118650E+01, DensityWeight 1.071058E-08, HPWL 3.549511E+02, Overflow 2.948392E-01, MaxDensity 2.388E+00, gamma 7.962604E+01, time 0.401ms
[INFO   ] DREAMPlace - full step 8.223 ms
[INFO   ] DREAMPlace - native optimizer evidence: optimizer=nesterov step=70 device=cpu proposal_changed_nodes=5468 proposal_mean_distance=0.00151916 proposal_max_distance=0.898812 projected_nodes=4 projection_mean_distance=5.29304e-07 projection_max_distance=6.0864e-07
[INFO   ] DREAMPlace - optimizer step 4.114 ms
[INFO   ] DREAMPlace - iteration   69, (  69,  0,  0), Obj 3.116029E+01, DensityWeight 1.116877E-08, HPWL 3.545341E+02, Overflow 2.949406E-01, MaxDensity 2.389E+00, gamma 7.953972E+01, time 0.384ms
[INFO   ] DREAMPlace - full step 4.732 ms
[INFO   ] DREAMPlace - native optimizer evidence: optimizer=nesterov step=71 device=cpu proposal_changed_nodes=5468 proposal_mean_distance=0.00126644 proposal_max_distance=0.78473 projected_nodes=4 projection_mean_distance=4.72813e-07 projection_max_distance=5.43411e-07
[INFO   ] DREAMPlace - optimizer step 8.149 ms
[INFO   ] DREAMPlace - iteration   70, (  70,  0,  0), Obj 3.119379E+01, DensityWeight 1.164540E-08, HPWL 3.541251E+02, Overflow 2.947087E-01, MaxDensity 2.386E+00, gamma 7.958099E+01, time 0.410ms
[INFO   ] DREAMPlace - full step 8.789 ms
[INFO   ] DREAMPlace - native optimizer evidence: optimizer=nesterov step=72 device=cpu proposal_changed_nodes=5716 proposal_mean_distance=0.000967594 proposal_max_distance=0.661181 projected_nodes=4 projection_mean_distance=5.57184e-07 projection_max_distance=6.40394e-07
[INFO   ] DREAMPlace - optimizer step 4.231 ms
[INFO   ] DREAMPlace - iteration   71, (  71,  0,  0), Obj 3.117712E+01, DensityWeight 1.214116E-08, HPWL 3.547055E+02, Overflow 2.947520E-01, MaxDensity 2.387E+00, gamma 7.948665E+01, time 0.431ms
[INFO   ] DREAMPlace - full step 4.889 ms
[INFO   ] DREAMPlace - native optimizer evidence: optimizer=nesterov step=73 device=cpu proposal_changed_nodes=5733 proposal_mean_distance=0.000752618 proposal_max_distance=0.568963 projected_nodes=4 projection_mean_distance=5.28464e-07 projection_max_distance=6.07154e-07
[INFO   ] DREAMPlace - optimizer step 4.330 ms
[INFO   ] DREAMPlace - iteration   72, (  72,  0,  0), Obj 3.121373E+01, DensityWeight 1.274821E-08, HPWL 3.546071E+02, Overflow 2.945474E-01, MaxDensity 2.385E+00, gamma 7.950425E+01, time 0.413ms
[INFO   ] DREAMPlace - full step 4.972 ms
[INFO   ] DREAMPlace - native optimizer evidence: optimizer=nesterov step=74 device=cpu proposal_changed_nodes=5741 proposal_mean_distance=0.00057671 proposal_max_distance=0.41527 projected_nodes=4 projection_mean_distance=5.2538e-07 projection_max_distance=6.03662e-07
[INFO   ] DREAMPlace - optimizer step 4.236 ms
[INFO   ] DREAMPlace - iteration   73, (  73,  0,  0), Obj 3.120688E+01, DensityWeight 1.328826E-08, HPWL 3.548650E+02, Overflow 2.945507E-01, MaxDensity 2.386E+00, gamma 7.942107E+01, time 0.402ms
[INFO   ] DREAMPlace - full step 4.875 ms
[INFO   ] DREAMPlace - native optimizer evidence: optimizer=nesterov step=75 device=cpu proposal_changed_nodes=5741 proposal_mean_distance=0.000458961 proposal_max_distance=0.27498 projected_nodes=4 projection_mean_distance=5.15115e-07 projection_max_distance=5.91731e-07
[INFO   ] DREAMPlace - optimizer step 4.846 ms
[INFO   ] DREAMPlace - iteration   74, (  74,  0,  0), Obj 3.123866E+01, DensityWeight 1.395267E-08, HPWL 3.544569E+02, Overflow 2.943930E-01, MaxDensity 2.385E+00, gamma 7.942242E+01, time 0.420ms
[INFO   ] DREAMPlace - full step 5.520 ms
[INFO   ] DREAMPlace - native optimizer evidence: optimizer=nesterov step=76 device=cpu proposal_changed_nodes=6614 proposal_mean_distance=0.000339251 proposal_max_distance=0.147803 projected_nodes=4 projection_mean_distance=6.74115e-07 projection_max_distance=7.74437e-07
[INFO   ] DREAMPlace - optimizer step 4.140 ms
[INFO   ] DREAMPlace - iteration   75, (  75,  0,  0), Obj 3.123740E+01, DensityWeight 1.454083E-08, HPWL 3.541471E+02, Overflow 2.943578E-01, MaxDensity 2.385E+00, gamma 7.935835E+01, time 0.417ms
[INFO   ] DREAMPlace - full step 4.781 ms
[INFO   ] DREAMPlace - native optimizer evidence: optimizer=nesterov step=77 device=cpu proposal_changed_nodes=8742 proposal_mean_distance=0.000469386 proposal_max_distance=0.200262 projected_nodes=4 projection_mean_distance=1.14393e-06 projection_max_distance=1.31411e-06
[INFO   ] DREAMPlace - optimizer step 4.207 ms
[INFO   ] DREAMPlace - iteration   76, (  76,  0,  0), Obj 3.126183E+01, DensityWeight 1.515227E-08, HPWL 3.539115E+02, Overflow 2.942602E-01, MaxDensity 2.385E+00, gamma 7.934404E+01, time 0.412ms
[INFO   ] DREAMPlace - full step 4.874 ms
[INFO   ] DREAMPlace - native optimizer evidence: optimizer=nesterov step=78 device=cpu proposal_changed_nodes=8742 proposal_mean_distance=0.000552244 proposal_max_distance=0.306148 projected_nodes=4 projection_mean_distance=8.29189e-07 projection_max_distance=9.52653e-07
[INFO   ] DREAMPlace - optimizer step 7.913 ms
[INFO   ] DREAMPlace - iteration   77, (  77,  0,  0), Obj 3.126645E+01, DensityWeight 1.578785E-08, HPWL 3.539467E+02, Overflow 2.942342E-01, MaxDensity 2.386E+00, gamma 7.930444E+01, time 0.417ms
[INFO   ] DREAMPlace - full step 8.570 ms
[INFO   ] DREAMPlace - native optimizer evidence: optimizer=nesterov step=79 device=cpu proposal_changed_nodes=8742 proposal_mean_distance=0.000677972 proposal_max_distance=0.4525 projected_nodes=4 projection_mean_distance=7.12071e-07 projection_max_distance=8.1809e-07
[INFO   ] DREAMPlace - optimizer step 7.902 ms
[INFO   ] DREAMPlace - iteration   78, (  78,  0,  0), Obj 3.128123E+01, DensityWeight 1.657724E-08, HPWL 3.537999E+02, Overflow 2.941341E-01, MaxDensity 2.387E+00, gamma 7.929388E+01, time 0.408ms
[INFO   ] DREAMPlace - full step 8.541 ms
[INFO   ] DREAMPlace - native optimizer evidence: optimizer=nesterov step=80 device=cpu proposal_changed_nodes=8742 proposal_mean_distance=0.00066856 proposal_max_distance=0.494318 projected_nodes=4 projection_mean_distance=7.82307e-07 projection_max_distance=8.98972e-07
[INFO   ] DREAMPlace - optimizer step 7.719 ms
[INFO   ] DREAMPlace - iteration   79, (  79,  0,  0), Obj 3.128517E+01, DensityWeight 1.726913E-08, HPWL 3.538430E+02, Overflow 2.941695E-01, MaxDensity 2.388E+00, gamma 7.925325E+01, time 0.396ms
[INFO   ] DREAMPlace - full step 8.339 ms
[INFO   ] DREAMPlace - native optimizer evidence: optimizer=nesterov step=81 device=cpu proposal_changed_nodes=8742 proposal_mean_distance=0.000722129 proposal_max_distance=0.552362 projected_nodes=4 projection_mean_distance=8.60148e-07 projection_max_distance=9.88349e-07
[INFO   ] DREAMPlace - optimizer step 7.528 ms
[INFO   ] DREAMPlace - iteration   80, (  80,  0,  0), Obj 3.130058E+01, DensityWeight 1.813258E-08, HPWL 3.531374E+02, Overflow 2.940543E-01, MaxDensity 2.389E+00, gamma 7.926763E+01, time 0.401ms
[INFO   ] DREAMPlace - full step 8.147 ms
[INFO   ] DREAMPlace - native optimizer evidence: optimizer=nesterov step=82 device=cpu proposal_changed_nodes=8742 proposal_mean_distance=0.000646895 proposal_max_distance=0.528967 projected_nodes=4 projection_mean_distance=7.76964e-07 projection_max_distance=8.92799e-07
[INFO   ] DREAMPlace - optimizer step 7.555 ms
[INFO   ] DREAMPlace - iteration   81, (  81,  0,  0), Obj 3.129494E+01, DensityWeight 1.888561E-08, HPWL 3.531689E+02, Overflow 2.941220E-01, MaxDensity 2.390E+00, gamma 7.922092E+01, time 0.394ms
[INFO   ] DREAMPlace - full step 8.179 ms
[INFO   ] DREAMPlace - native optimizer evidence: optimizer=nesterov step=83 device=cpu proposal_changed_nodes=8804 proposal_mean_distance=0.000620263 proposal_max_distance=0.522528 projected_nodes=4 projection_mean_distance=9.85245e-07 projection_max_distance=1.13189e-06
[INFO   ] DREAMPlace - optimizer step 3.996 ms
[INFO   ] DREAMPlace - iteration   82, (  82,  0,  0), Obj 3.131316E+01, DensityWeight 1.982989E-08, HPWL 3.526104E+02, Overflow 2.940136E-01, MaxDensity 2.390E+00, gamma 7.924838E+01, time 0.420ms
[INFO   ] DREAMPlace - full step 4.639 ms
[INFO   ] DREAMPlace - native optimizer evidence: optimizer=nesterov step=84 device=cpu proposal_changed_nodes=8804 proposal_mean_distance=0.000517032 proposal_max_distance=0.453811 projected_nodes=4 projection_mean_distance=7.4258e-07 projection_max_distance=8.53212e-07
[INFO   ] DREAMPlace - optimizer step 7.921 ms
[INFO   ] DREAMPlace - iteration   83, (  83,  0,  0), Obj 3.130264E+01, DensityWeight 2.064927E-08, HPWL 3.533531E+02, Overflow 2.940871E-01, MaxDensity 2.392E+00, gamma 7.920441E+01, time 0.410ms
[INFO   ] DREAMPlace - full step 8.565 ms
[INFO   ] DREAMPlace - native optimizer evidence: optimizer=nesterov step=85 device=cpu proposal_changed_nodes=8826 proposal_mean_distance=0.000422464 proposal_max_distance=0.351171 projected_nodes=4 projection_mean_distance=9.81719e-07 projection_max_distance=1.12779e-06
[INFO   ] DREAMPlace - optimizer step 4.019 ms
[INFO   ] DREAMPlace - iteration   84, (  84,  0,  0), Obj 3.131950E+01, DensityWeight 2.168173E-08, HPWL 3.528126E+02, Overflow 2.939994E-01, MaxDensity 2.391E+00, gamma 7.923420E+01, time 0.411ms
[INFO   ] DREAMPlace - full step 4.656 ms
[INFO   ] DREAMPlace - native optimizer evidence: optimizer=nesterov step=86 device=cpu proposal_changed_nodes=8826 proposal_mean_distance=0.000310916 proposal_max_distance=0.245404 projected_nodes=4 projection_mean_distance=8.08491e-07 projection_max_distance=9.28875e-07
[INFO   ] DREAMPlace - optimizer step 7.649 ms
[INFO   ] DREAMPlace - iteration   85, (  85,  0,  0), Obj 3.130782E+01, DensityWeight 2.257312E-08, HPWL 3.530717E+02, Overflow 2.940500E-01, MaxDensity 2.392E+00, gamma 7.919867E+01, time 0.435ms
[INFO   ] DREAMPlace - full step 8.313 ms
[INFO   ] DREAMPlace - native optimizer evidence: optimizer=nesterov step=87 device=cpu proposal_changed_nodes=8826 proposal_mean_distance=0.000213725 proposal_max_distance=0.137652 projected_nodes=4 projection_mean_distance=8.71101e-07 projection_max_distance=1.00071e-06
[INFO   ] DREAMPlace - optimizer step 7.534 ms
[INFO   ] DREAMPlace - iteration   86, (  86,  0,  0), Obj 3.132167E+01, DensityWeight 2.370177E-08, HPWL 3.526018E+02, Overflow 2.940024E-01, MaxDensity 2.392E+00, gamma 7.921919E+01, time 0.390ms
[INFO   ] DREAMPlace - full step 8.148 ms
[INFO   ] DREAMPlace - native optimizer evidence: optimizer=nesterov step=88 device=cpu proposal_changed_nodes=9036 proposal_mean_distance=0.000151472 proposal_max_distance=0.0693288 projected_nodes=4 projection_mean_distance=1.08715e-06 projection_max_distance=1.24896e-06
[INFO   ] DREAMPlace - optimizer step 3.932 ms
[INFO   ] DREAMPlace - iteration   87, (  87,  0,  0), Obj 3.131378E+01, DensityWeight 2.467127E-08, HPWL 3.525348E+02, Overflow 2.940208E-01, MaxDensity 2.392E+00, gamma 7.919991E+01, time 0.388ms
[INFO   ] DREAMPlace - full step 4.539 ms
[INFO   ] DREAMPlace - native optimizer evidence: optimizer=nesterov step=89 device=cpu proposal_changed_nodes=9038 proposal_mean_distance=0.00019646 proposal_max_distance=0.0413916 projected_nodes=4 projection_mean_distance=9.77678e-07 projection_max_distance=1.12317e-06
[INFO   ] DREAMPlace - optimizer step 4.153 ms
[INFO   ] DREAMPlace - iteration   88, (  88,  0,  0), Obj 3.132109E+01, DensityWeight 2.567787E-08, HPWL 3.523165E+02, Overflow 2.940067E-01, MaxDensity 2.392E+00, gamma 7.920734E+01, time 0.396ms
[INFO   ] DREAMPlace - full step 4.788 ms
[INFO   ] DREAMPlace - native optimizer evidence: optimizer=nesterov step=90 device=cpu proposal_changed_nodes=12961 proposal_mean_distance=0.000312143 proposal_max_distance=0.121988 projected_nodes=4 projection_mean_distance=3.60034e-06 projection_max_distance=4.1362e-06
[INFO   ] DREAMPlace - optimizer step 4.151 ms
[INFO   ] DREAMPlace - iteration   89, (  89,  0,  0), Obj 3.131797E+01, DensityWeight 2.672285E-08, HPWL 3.522703E+02, Overflow 2.940133E-01, MaxDensity 2.392E+00, gamma 7.920165E+01, time 0.403ms
[INFO   ] DREAMPlace - full step 4.796 ms
[INFO   ] DREAMPlace - native optimizer evidence: optimizer=nesterov step=91 device=cpu proposal_changed_nodes=12961 proposal_mean_distance=0.000309682 proposal_max_distance=0.147836 projected_nodes=4 projection_mean_distance=8.00606e-07 projection_max_distance=9.19828e-07
[INFO   ] DREAMPlace - optimizer step 7.643 ms
[INFO   ] DREAMPlace - iteration   90, (  90,  0,  0), Obj 3.131963E+01, DensityWeight 2.780758E-08, HPWL 3.521154E+02, Overflow 2.940083E-01, MaxDensity 2.391E+00, gamma 7.920430E+01, time 0.397ms
[INFO   ] DREAMPlace - full step 8.288 ms
[INFO   ] DREAMPlace - native optimizer evidence: optimizer=nesterov step=92 device=cpu proposal_changed_nodes=12961 proposal_mean_distance=0.000355282 proposal_max_distance=0.233154 projected_nodes=4 projection_mean_distance=1.26239e-06 projection_max_distance=1.45045e-06
[INFO   ] DREAMPlace - optimizer step 7.971 ms
[INFO   ] DREAMPlace - iteration   91, (  91,  0,  0), Obj 3.131832E+01, DensityWeight 2.893345E-08, HPWL 3.522794E+02, Overflow 2.940449E-01, MaxDensity 2.391E+00, gamma 7.920229E+01, time 0.412ms
[INFO   ] DREAMPlace - full step 8.622 ms
[INFO   ] DREAMPlace - native optimizer evidence: optimizer=nesterov step=93 device=cpu proposal_changed_nodes=12961 proposal_mean_distance=0.000347088 proposal_max_distance=0.257766 projected_nodes=4 projection_mean_distance=1.3346e-06 projection_max_distance=1.53336e-06
[INFO   ] DREAMPlace - optimizer step 7.860 ms
[INFO   ] DREAMPlace - iteration   92, (  92,  0,  0), Obj 3.131899E+01, DensityWeight 3.038013E-08, HPWL 3.520057E+02, Overflow 2.940221E-01, MaxDensity 2.390E+00, gamma 7.921711E+01, time 0.412ms
[INFO   ] DREAMPlace - full step 8.504 ms
[INFO   ] DREAMPlace - native optimizer evidence: optimizer=nesterov step=94 device=cpu proposal_changed_nodes=12961 proposal_mean_distance=0.000369789 proposal_max_distance=0.299093 projected_nodes=4 projection_mean_distance=1.53731e-06 projection_max_distance=1.76646e-06
[INFO   ] DREAMPlace - optimizer step 7.498 ms
[INFO   ] DREAMPlace - iteration   93, (  93,  0,  0), Obj 3.131327E+01, DensityWeight 3.160383E-08, HPWL 3.521520E+02, Overflow 2.940869E-01, MaxDensity 2.390E+00, gamma 7.920786E+01, time 0.397ms
[INFO   ] DREAMPlace - full step 8.117 ms
[INFO   ] DREAMPlace - native optimizer evidence: optimizer=nesterov step=95 device=cpu proposal_changed_nodes=12961 proposal_mean_distance=0.000331255 proposal_max_distance=0.279517 projected_nodes=4 projection_mean_distance=1.30998e-06 projection_max_distance=1.50519e-06
[INFO   ] DREAMPlace - optimizer step 7.659 ms
[INFO   ] DREAMPlace - iteration   94, (  94,  0,  0), Obj 3.131665E+01, DensityWeight 3.318402E-08, HPWL 3.521801E+02, Overflow 2.940636E-01, MaxDensity 2.389E+00, gamma 7.923414E+01, time 0.392ms
[INFO   ] DREAMPlace - full step 8.277 ms
[INFO   ] DREAMPlace - native optimizer evidence: optimizer=nesterov step=96 device=cpu proposal_changed_nodes=12961 proposal_mean_distance=0.000324716 proposal_max_distance=0.272482 projected_nodes=4 projection_mean_distance=1.68104e-06 projection_max_distance=1.93178e-06
[INFO   ] DREAMPlace - optimizer step 7.610 ms
[INFO   ] DREAMPlace - iteration   95, (  95,  0,  0), Obj 3.130635E+01, DensityWeight 3.484322E-08, HPWL 3.525010E+02, Overflow 2.941416E-01, MaxDensity 2.389E+00, gamma 7.922468E+01, time 0.423ms
[INFO   ] DREAMPlace - full step 8.259 ms
[INFO   ] DREAMPlace - native optimizer evidence: optimizer=nesterov step=97 device=cpu proposal_changed_nodes=12961 proposal_mean_distance=0.000273937 proposal_max_distance=0.222016 projected_nodes=4 projection_mean_distance=1.34999e-06 projection_max_distance=1.55116e-06
[INFO   ] DREAMPlace - optimizer step 8.156 ms
[INFO   ] DREAMPlace - iteration   96, (  96,  0,  0), Obj 3.131039E+01, DensityWeight 3.658537E-08, HPWL 3.525323E+02, Overflow 2.941310E-01, MaxDensity 2.388E+00, gamma 7.925630E+01, time 0.394ms
[INFO   ] DREAMPlace - full step 8.781 ms
[INFO   ] DREAMPlace - native optimizer evidence: optimizer=nesterov step=98 device=cpu proposal_changed_nodes=12961 proposal_mean_distance=0.000249769 proposal_max_distance=0.192936 projected_nodes=4 projection_mean_distance=1.92197e-06 projection_max_distance=2.20854e-06
[INFO   ] DREAMPlace - optimizer step 4.133 ms
[INFO   ] DREAMPlace - iteration   97, (  97,  0,  0), Obj 3.129800E+01, DensityWeight 3.841464E-08, HPWL 3.526053E+02, Overflow 2.942055E-01, MaxDensity 2.388E+00, gamma 7.925202E+01, time 0.458ms
[INFO   ] DREAMPlace - full step 4.815 ms
[INFO   ] DREAMPlace - native optimizer evidence: optimizer=nesterov step=99 device=cpu proposal_changed_nodes=12961 proposal_mean_distance=0.000211683 proposal_max_distance=0.141837 projected_nodes=4 projection_mean_distance=1.30579e-06 projection_max_distance=1.50043e-06
[INFO   ] DREAMPlace - optimizer step 7.803 ms
[INFO   ] DREAMPlace - iteration   98, (  98,  0,  0), Obj 3.129982E+01, DensityWeight 4.033537E-08, HPWL 3.525777E+02, Overflow 2.942122E-01, MaxDensity 2.387E+00, gamma 7.928224E+01, time 0.404ms
[INFO   ] DREAMPlace - full step 8.431 ms
[INFO   ] DREAMPlace - native optimizer evidence: optimizer=nesterov step=100 device=cpu proposal_changed_nodes=12961 proposal_mean_distance=0.000199269 proposal_max_distance=0.092918 projected_nodes=4 projection_mean_distance=1.8784e-06 projection_max_distance=2.15855e-06
[INFO   ] DREAMPlace - optimizer step 3.919 ms
[INFO   ] DREAMPlace - iteration   99, (  99,  0,  0), Obj 3.128787E+01, DensityWeight 4.193490E-08, HPWL 3.524681E+02, Overflow 2.942742E-01, MaxDensity 2.388E+00, gamma 7.928496E+01, time 0.386ms
[INFO   ] DREAMPlace - full step 4.527 ms
[INFO   ] DREAMPlace - optimizer nesterov takes 0.856 seconds
[INFO   ] DREAMPlace - native execution summary: {"anchor_weight_updates": [], "backward_call_count": 150, "density_overflow_by_side": [{"btm": {"max_density": 0.5282056331634521, "normalized_overflow": 0.0, "overflow": 0.0}, "top": {"max_density": 2.387559413909912, "normalized_overflow": 0.294274240732193, "overflow": 6014.376953125}}], "device": "cpu", "irregular_density_capacity": [], "nonlinear_place_executed": true, "optimizer_changed_step_count": 100, "optimizer_names": ["nesterov"], "optimizer_step_count": 100, "place_obj_executed": true, "projection_max_distance": 8.315668310387991e-06, "projection_node_events": 360, "projection_search_node_events": 516, "proposal_changed_node_events": 392900, "proposal_max_distance": 64.13811492919922}
[WARNING] DREAMPlace - overflow is significant 0.294 or objective is infinity or nan; skip validation and post-placement steps
[INFO   ] DREAMPlace - plotting to results/feature-off-regression/small-1/plot/iter9999.png takes 0.234 seconds
[INFO   ] DREAMPlace - non-linear placement takes 1.10 seconds
[INFO   ] DREAMPlace - writing to results/feature-off-regression/small-1/small-1.gp.pl
[INFO   ] DREAMPlace - writing to results/feature-off-regression/small-1/small-1.gp.pl
[INFO   ] DREAMPlace - write_pl takes 0.000 seconds
[INFO   ] DREAMPlace - write SolutionFileFormat.BOOKSHELF takes 0.001 seconds
[WARNING] DREAMPlace - placement failed
[INFO   ] DREAMPlace - Final PPA: {'rsmt': inf, 'hpwl': inf, 'congestion': inf, 'density': inf, 'net_crossing': inf, 'iteration': 100, 'objective': 31.287866592407227, 'overflow': 0.294274240732193, 'max_density': 2.387559413909912}
